I'm sorry, but errors were detected in your script. Please correct the
errors listed below, and try again.


File "game/script.rpy", line 65: expected statement.
    Label Ruri_ikut2
                    ^

Ren'Py Version: Ren'Py 7.2.2.491
Wed Mar 25 05:19:54 2020
